b0VIM 8.1                	  root                                    9a2c2156f5f3                                                                                                                                                                                                                                                                                                                                                                                                                                                                                                                                                                                                                                                                                                                                                                                                                                                                                                                                                              	U3210    #"!   U                                                                                                                                                                                                                                                                                                                                                                                                                                                                                                                                                                                                                                                                                                                                                                                                                                                                                                                                                                                                                                                                                                                                                                                                                                                                                                                                                                                                                                                                                                                                                                                                                                                                                                                                                                                                                                                                                                                                                                                                                                                                                                                                                                                                                                                                                                                                                                                                                                                                                                                                                                                                                                                                                                                                                                                                                                                                                                                                                                                                                                                                                                                                                                                                 tp             E                               C       G                       /       Š                                                                                                                                                                                                                                                                                                                                                                                                                                                                                                                                                                                                                                                                                                                                                                                                                                                                                                                                                                                                                                                                                                                                                                                                                                                                                                                                                                                                                                                                                                                                                                                                                                                                                                                                                                                                                                                                                                                                                                                                                                                                                                                                                                                                                                                                                                                                                                                                                                                                                                                                                                                                                                                                                                                                                                                                                                                                                                                                                                                                                                                                                                                                                                                                                                                                                                                                                                                                                                                                                                                                                                                                                                                                                                                                                                                                                                                                                                                                                                                                                                                                                                                                                                       ad      A       E       Ù   ¡   c   K    
  Y 
  $ 
    
  Ë  „  e  ÿ 
  š 
  I 
    
  Ê
  _
  )
   
  Ã
  v
  X
  4
   
  å	  ¨	  ‚	  =	   	  Í   ˜   †   D       Ð  ³  t  ?  "  Ñ   •   E   &       Ö   ™   ˆ   S   "   !   û   À   £   h   J   &   þ   ×   š   t   /   	   Ô   Â   {   4   
   ˆ   A   ?                  0 root@9a2c2156f5f3:/alx-system_engineering-devops/0x00-shell_basics# ls root@9a2c2156f5f3:/alx-system_engineering-devops/0x00-shell_basics# mv 0-current_working_directory.sh 0-current_working_directory 0-current_working_directory.sh  README.md root@9a2c2156f5f3:/alx-system_engineering-devops/0x00-shell_basics# ls root@9a2c2156f5f3:/alx-system_engineering-devops# cd 0x00-shell_basics 0x00-shell_basics root@9a2c2156f5f3:/alx-system_engineering-devops# ls    d4d6e7b..ee8b18a  master -> master To https://github.com/bluebird3624/alx-system_engineering-devops.git Total 4 (delta 0), reused 0 (delta 0) Writing objects: 100% (4/4), 378 bytes | 378.00 KiB/s, done. Compressing objects: 100% (2/2), done. Delta compression using up to 2 threads Counting objects: 100% (6/6), done. Enumerating objects: 6, done. root@9a2c2156f5f3:/alx-system_engineering-devops# git push bash: hit: command not found root@9a2c2156f5f3:/alx-system_engineering-devops# hit push nothing to commit, working tree clean    (use "git push" to publish your local commits) Your branch is ahead of 'origin/master' by 1 commit. On branch master root@9a2c2156f5f3:/alx-system_engineering-devops# git commit  create mode 100644 0x00-shell_basics/README.md  1 file changed, 1 insertion(+) [master ee8b18a] shell scripts root@9a2c2156f5f3:/alx-system_engineering-devops# git commit -m "shell scripts" root@9a2c2156f5f3:/alx-system_engineering-devops# git add . root@9a2c2156f5f3:/alx-system_engineering-devops# mv README.md 0x00-shell_basics 0x00-shell_basics  README.md root@9a2c2156f5f3:/alx-system_engineering-devops# ls root@9a2c2156f5f3:/alx-system_engineering-devops# vi README.md 0x00-shell_basics  README.md root@9a2c2156f5f3:/alx-system_engineering-devops# ls root@9a2c2156f5f3:/alx-system_engineering-devops# vi readme.md root@9a2c2156f5f3:/alx-system_engineering-devops# touch README.md 0x00-shell_basics root@9a2c2156f5f3:/alx-system_engineering-devops# ls root@9a2c2156f5f3:/alx-system_engineering-devops/0x00-shell_basics# cd ..  * [new branch]      master -> master To https://github.com/bluebird3624/alx-system_engineering-devops.git Total 4 (delta 0), reused 0 (delta 0) Writing objects: 100% (4/4), 314 bytes | 314.00 KiB/s, done. Compressing objects: 100% (2/2), done. Delta compression using up to 2 threads Counting objects: 100% (4/4), done. Enumerating objects: 4, done. root@9a2c2156f5f3:/alx-system_engineering-devops/0x00-shell_basics# git push  create mode 100755 0x00-shell_basics/0-current_working_directory.sh  1 file changed, 3 insertions(+) [master (root-commit) d4d6e7b] shell return directory root@9a2c2156f5f3:/alx-system_engineering-devops/0x00-shell_basics# git commit -m "shell return directory" root@9a2c2156f5f3:/alx-system_engineering-devops/0x00-shell_basics# git add . /alx-system_engineering-devops/0x00-shell_basics ./0-current_working_directory.sh: line 1: !#/bin/bash: No such file or directory root@9a2c2156f5f3:/alx-system_engineering-devops/0x00-shell_basics# ./0-current_working_directory.sh root@9a2c2156f5f3:/alx-system_engineering-devops/0x00-shell_basics# vi 0-current_working_directory.sh 0-current_working_directory.sh root@9a2c2156f5f3:/alx-system_engineering-devops/0x00-shell_basics# ls root@9a2c2156f5f3:/alx-system_engineering-devops# cd 0x00-shell_basics 0x00-shell_basics root@9a2c2156f5f3:/alx-system_engineering-devops# ls root@9a2c2156f5f3:/# cd alx-system_engineering-devops alx-pre_course  alx-system_engineering-devops  alx-zero_day  bin  boot  dev  etc  home  lib  lib32  lib64  libx32  media  mnt  opt  proc  root  run  sbin  so_cool  srv  sys  tmp  usr  var root@9a2c2156f5f3:/# ls 9a2c2156f5f3@9a2c2156f5f3.b91b5bf6.alx-cod.online's password: $ ssh 9a2c2156f5f3@9a2c2156f5f3.b91b5bf6.alx-cod.online ODE@DESKTOP-EB2S80O MINGW64 ~ (master) ad  M   u       C       Ù      S   ô 
  Æ 
  • 
  4 
  ù
  Û
  ·
  
  h
  +
   
  À 
  š 
  H 
   
 
  ×
  Å
  ~
  7
   
  ¬
   
  Ÿ
  ›
  8
  ê	  ‰	  k	  <	  ï   Ñ   ­   …   ^   !   û  ¶    -  ß   ~   `   A   ô   Ö   ²   Š   c   &       »   •   N   '   Ô   „   =    
   ¶   o   >   ï   Ë   u   t                                                                                root@9a2c2156f5f3:/alx-system_engineering-devops/0x00-shell_basics# chmod +x 1-listit bash: ./1-listit: Permission denied root@9a2c2156f5f3:/alx-system_engineering-devops/0x00-shell_basics# ./1-listit 0-current_working_directory  1-listit  README.md root@9a2c2156f5f3:/alx-system_engineering-devops/0x00-shell_basics# ls root@9a2c2156f5f3:/alx-system_engineering-devops/0x00-shell_basics# chmod +w 1-listit 0-current_working_directory  1-listit  README.md root@9a2c2156f5f3:/alx-system_engineering-devops/0x00-shell_basics# ls root@9a2c2156f5f3:/alx-system_engineering-devops/0x00-shell_basics# vi 1-listit root@9a2c2156f5f3:/alx-system_engineering-devops/0x00-shell_basics# touch 1-listit 0-current_working_directory  README.md root@9a2c2156f5f3:/alx-system_engineering-devops/0x00-shell_basics# ls    daabf80..a49a903  master -> master To https://github.com/bluebird3624/alx-system_engineering-devops.git Total 4 (delta 0), reused 0 (delta 0) Writing objects: 100% (4/4), 372 bytes | 372.00 KiB/s, done. Compressing objects: 100% (2/2), done. Delta compression using up to 2 threads Counting objects: 100% (7/7), done. Enumerating objects: 7, done. root@9a2c2156f5f3:/alx-system_engineering-devops/0x00-shell_basics# git push  1 file changed, 1 deletion(-) [master a49a903] bash scripts root@9a2c2156f5f3:/alx-system_engineering-devops/0x00-shell_basics# git commit -m "bash scripts" root@9a2c2156f5f3:/alx-system_engineering-devops/0x00-shell_basics# git add . root@9a2c2156f5f3:/alx-system_engineering-devops/0x00-shell_basics# vi 0-current_working_directory    7e860a0..daabf80  master -> master To https://github.com/bluebird3624/alx-system_engineering-devops.git Total 4 (delta 0), reused 0 (delta 0) Writing objects: 100% (4/4), 373 bytes | 373.00 KiB/s, done. Compressing objects: 100% (2/2), done. Delta compression using up to 2 threads Counting objects: 100% (7/7), done. Enumerating objects: 7, done. root@9a2c2156f5f3:/alx-system_engineering-devops/0x00-shell_basics# git push  1 file changed, 1 insertion(+), 1 deletion(-) [master daabf80] bash scripts root@9a2c2156f5f3:/alx-system_engineering-devops/0x00-shell_basics# git commit -m "bash scripts" root@9a2c2156f5f3:/alx-system_engineering-devops/0x00-shell_basics# git add . root@9a2c2156f5f3:/alx-system_engineering-devops/0x00-shell_basics# vi 0-current_working_directory pwd  !#/bin/bash root@9a2c2156f5f3:/alx-system_engineering-devops/0x00-shell_basics# cat 0-current_working_directory 0-current_working_directory  README.md root@9a2c2156f5f3:/alx-system_engineering-devops/0x00-shell_basics# ls root@9a2c2156f5f3:/alx-system_engineering-devops# cd 0x00-shell_basics 0x00-shell_basics root@9a2c2156f5f3:/alx-system_engineering-devops# ls cat: 0-current_working_directory: No such file or directory root@9a2c2156f5f3:/alx-system_engineering-devops# cat 0-current_working_directory    ee8b18a..7e860a0  master -> master To https://github.com/bluebird3624/alx-system_engineering-devops.git Total 3 (delta 0), reused 0 (delta 0) Writing objects: 100% (3/3), 357 bytes | 357.00 KiB/s, done. Compressing objects: 100% (2/2), done. Delta compression using up to 2 threads Counting objects: 100% (5/5), done. Enumerating objects: 5, done. root@9a2c2156f5f3:/alx-system_engineering-devops# git push  rename 0x00-shell_basics/{0-current_working_directory.sh => 0-current_working_directory} (100%)  1 file changed, 0 insertions(+), 0 deletions(-) [master 7e860a0] print directory shell script root@9a2c2156f5f3:/alx-system_engineering-devops# git commit -m "print directory shell script" root@9a2c2156f5f3:/alx-system_engineering-devops# git add . root@9a2c2156f5f3:/alx-system_engineering-devops/0x00-shell_basics# cd .. 0-current_working_directory  README.md ad  k   C       /       ±   s   5   
   © 
  k 
  	 
  Ø
  u
  %
  × 
  y 
  ] 
  < 
  
 
  À
  ¢
  ~
  V
  /
  ò
  Ì
  ‡
  a
   
  é	  š	  i	   	   	  L   /       ö  ð  ¶  s  T  <  €   J           ¼   u   D   C                                                                                                                                                                                                                                                                                                                                                                                                                                                                                                                                                                                                                                                                                                                                                                                                                                                                                                                                                                                                                                                                                                                                                                                   0-current_working_directory  1-listit  README.md root@9a2c2156f5f3:/alx-system_engineering-devops/0x00-shell_basics# ls root@9a2c2156f5f3:/alx-system_engineering-devops# cd 0x00-shell_basics 0x00-shell_basics root@9a2c2156f5f3:/alx-system_engineering-devops# ls root@9a2c2156f5f3:/# cd alx-system_engineering-devops alx-pre_course  alx-system_engineering-devops  alx-zero_day  bin  boot  dev  etc  home  lib  lib32  lib64  libx32  media  mnt  opt  proc  root  run  sbin  so_cool  srv  sys  tmp  usr  var root@9a2c2156f5f3:/# ls root@9a2c2156f5f3:/home# cd .. bash: cd: alx-system_engineering-devops: No such file or directory root@9a2c2156f5f3:/home# cd alx-system_engineering-devops /home root@9a2c2156f5f3:/home# pwd root@9a2c2156f5f3:/home# ls root@9a2c2156f5f3:/# cd home alx-pre_course  alx-system_engineering-devops  alx-zero_day  bin  boot  dev  etc  home  lib  lib32  lib64  libx32  media  mnt  opt  proc  root  run  sbin  so_cool  srv  sys  tmp  usr  var root@9a2c2156f5f3:/# ls root@9a2c2156f5f3:/alx-system_engineering-devops/0x00-shell_basics# cd / 0-current_working_directory  1-listit  README.md root@9a2c2156f5f3:/alx-system_engineering-devops/0x00-shell_basics# ./1-listit 0-current_working_directory  1-listit  README.md root@9a2c2156f5f3:/alx-system_engineering-devops/0x00-shell_basics# ls    a49a903..d2d6ec9  master -> master To https://github.com/bluebird3624/alx-system_engineering-devops.git Total 4 (delta 0), reused 0 (delta 0) Writing objects: 100% (4/4), 401 bytes | 401.00 KiB/s, done. Compressing objects: 100% (2/2), done. Delta compression using up to 2 threads Counting objects: 100% (6/6), done. Enumerating objects: 6, done. root@9a2c2156f5f3:/alx-system_engineering-devops/0x00-shell_basics# git push  create mode 100755 0x00-shell_basics/1-listit  1 file changed, 2 insertions(+) [master d2d6ec9] list files root@9a2c2156f5f3:/alx-system_engineering-devops/0x00-shell_basics# git commit -m"list files" root@9a2c2156f5f3:/alx-system_engineering-devops/0x00-shell_basics# git add . root@9a2c2156f5f3:/alx-system_engineering-devops/0x00-shell_basics# vi 1-listit root@9a2c2156f5f3:/alx-system_engineering-devops/0x00-shell_basics# vi 0-current_working_directory /alx-system_engineering-devops/0x00-shell_basics root@9a2c2156f5f3:/alx-system_engineering-devops/0x00-shell_basics# ./0-current_working_directory bash: ./0-curent_working_directory: No such file or directory root@9a2c2156f5f3:/alx-system_engineering-devops/0x00-shell_basics# ./0-curent_working_directory ./1-listit: line 4: ls:: command not found ./1-listit: line 3: ls:#!/bin/bash: No such file or directory ./1-listit: line 2: ls:#!/bin/bash: No such file or directory root@9a2c2156f5f3:/alx-system_engineering-devops/0x00-shell_basics# ./1-listit 

